// Jest Snapshot v1, https://goo.gl/fbAQLP

exports[`Button component testing Button props 1`] = `
<button
  className="c-fEVIFd c-fEVIFd-gwqHNH-size-medium c-fEVIFd-ixhqCZ-appearance-primary"
>
  Button
</button>
`;
